
> ai-hotel-assistant@1.0.0 test
> vitest --run --coverage

[33mThe CJS build of Vite's Node API is deprecated. See https://vite.dev/guide/troubleshooting.html#vite-cjs-node-api-deprecated for more details.[39m
 MISSING DEPENDENCY  Cannot find dependency '@vitest/coverage-v8'

